node.exe : C:\Users\jak
et\.gemini\antigravity\
scratch\ChallengeApp1\n
ode_modules\typescript\
lib\_tsc.js:123168
At line:1 char:1
+ & "C:\Program 
Files\nodejs/node.exe" 
"C:\Program 
Files\nodejs/node_mo 
...
+ ~~~~~~~~~~~~~~~~~~~~~
~~~~~~~~~~~~~~~~~~~~~~~
~~~~~~~~~~~~~~~~~~~~~~~
~~
    + CategoryInfo     
         : NotSpecifi  
  ed: (C:\Users\jake   
 t\...\_tsc.js:1231    
68:String) [], Rem    
oteException
    + FullyQualifiedEr 
   rorId : NativeComm  
  andError
 
      throw e;
      ^

RangeError: Maximum 
call stack size 
exceeded
    at 
getEffectsSignature (C:
\Users\jaket\.gemini\an
tigravity\scratch\Chall
engeApp1\node_modules\t
ypescript\lib\_tsc.js:7
0069:31)
    at 
getTypeAtFlowCall (C:\U
sers\jaket\.gemini\anti
gravity\scratch\Challen
geApp1\node_modules\typ
escript\lib\_tsc.js:704
42:25)
    at 
getTypeAtFlowNode (C:\U
sers\jaket\.gemini\anti
gravity\scratch\Challen
geApp1\node_modules\typ
escript\lib\_tsc.js:703
24:18)
    at 
getFlowTypeOfReference 
(C:\Users\jaket\.gemini
\antigravity\scratch\Ch
allengeApp1\node_module
s\typescript\lib\_tsc.j
s:70281:45)
    at checkIdentifier 
(C:\Users\jaket\.gemini
\antigravity\scratch\Ch
allengeApp1\node_module
s\typescript\lib\_tsc.j
s:72066:134)
    at 
checkExpressionWorker (
C:\Users\jaket\.gemini\
antigravity\scratch\Cha
llengeApp1\node_modules
\typescript\lib\_tsc.js
:80903:16)
    at checkExpression 
(C:\Users\jaket\.gemini
\antigravity\scratch\Ch
allengeApp1\node_module
s\typescript\lib\_tsc.j
s:80846:32)
    at 
checkNonNullExpression 
(C:\Users\jaket\.gemini
\antigravity\scratch\Ch
allengeApp1\node_module
s\typescript\lib\_tsc.j
s:74853:29)
    at checkPropertyAcc
essExpression (C:\Users
\jaket\.gemini\antigrav
ity\scratch\ChallengeAp
p1\node_modules\typescr
ipt\lib\_tsc.js:74932:1
62)
    at 
checkExpressionWorker (
C:\Users\jaket\.gemini\
antigravity\scratch\Cha
llengeApp1\node_modules
\typescript\lib\_tsc.js
:80937:16)

Node.js v24.11.1
